DEBUG main freemarker.cache - Couldn't find template in cache for "Extent.ftl"("en_US", UTF-8, parsed); will try to load it.
DEBUG main freemarker.cache - TemplateLoader.findTemplateSource("Extent_en_US.ftl"): Not found
DEBUG main freemarker.cache - TemplateLoader.findTemplateSource("Extent_en.ftl"): Not found
DEBUG main freemarker.cache - TemplateLoader.findTemplateSource("Extent.ftl"): Found
DEBUG main freemarker.cache - Loading template for "Extent.ftl"("en_US", UTF-8, parsed) from "jar:file:/C:/WINDOWS/system32/config/systemprofile/.m2/repository/com/relevantcodes/extentreports/2.41.2/extentreports-2.41.2.jar!/com/relevantcodes/extentreports/view/Extent.ftl"
DEBUG main freemarker.cache - Couldn't find template in cache for "Extent.ftl"("en_US", UTF-8, parsed); will try to load it.
DEBUG main freemarker.cache - TemplateLoader.findTemplateSource("Extent_en_US.ftl"): Not found
DEBUG main freemarker.cache - TemplateLoader.findTemplateSource("Extent_en.ftl"): Not found
DEBUG main freemarker.cache - TemplateLoader.findTemplateSource("Extent.ftl"): Found
DEBUG main freemarker.cache - Loading template for "Extent.ftl"("en_US", UTF-8, parsed) from "jar:file:/C:/WINDOWS/system32/config/systemprofile/.m2/repository/com/relevantcodes/extentreports/2.41.2/extentreports-2.41.2.jar!/com/relevantcodes/extentreports/view/Extent.ftl"
DEBUG main freemarker.cache - Couldn't find template in cache for "Extent.ftl"("en_US", UTF-8, parsed); will try to load it.
DEBUG main freemarker.cache - TemplateLoader.findTemplateSource("Extent_en_US.ftl"): Not found
DEBUG main freemarker.cache - TemplateLoader.findTemplateSource("Extent_en.ftl"): Not found
DEBUG main freemarker.cache - TemplateLoader.findTemplateSource("Extent.ftl"): Found
DEBUG main freemarker.cache - Loading template for "Extent.ftl"("en_US", UTF-8, parsed) from "jar:file:/C:/Users/prashant.chandra/.m2/repository/com/relevantcodes/extentreports/2.41.2/extentreports-2.41.2.jar!/com/relevantcodes/extentreports/view/Extent.ftl"
DEBUG main freemarker.cache - Couldn't find template in cache for "Extent.ftl"("en_US", UTF-8, parsed); will try to load it.
DEBUG main freemarker.cache - TemplateLoader.findTemplateSource("Extent_en_US.ftl"): Not found
DEBUG main freemarker.cache - TemplateLoader.findTemplateSource("Extent_en.ftl"): Not found
DEBUG main freemarker.cache - TemplateLoader.findTemplateSource("Extent.ftl"): Found
DEBUG main freemarker.cache - Loading template for "Extent.ftl"("en_US", UTF-8, parsed) from "jar:file:/C:/Users/prashant.chandra/.m2/repository/com/relevantcodes/extentreports/2.41.2/extentreports-2.41.2.jar!/com/relevantcodes/extentreports/view/Extent.ftl"
DEBUG main freemarker.cache - Couldn't find template in cache for "Extent.ftl"("en_US", UTF-8, parsed); will try to load it.
DEBUG main freemarker.cache - TemplateLoader.findTemplateSource("Extent_en_US.ftl"): Not found
DEBUG main freemarker.cache - TemplateLoader.findTemplateSource("Extent_en.ftl"): Not found
DEBUG main freemarker.cache - TemplateLoader.findTemplateSource("Extent.ftl"): Found
DEBUG main freemarker.cache - Loading template for "Extent.ftl"("en_US", UTF-8, parsed) from "jar:file:/C:/Users/prashant.chandra/.m2/repository/com/relevantcodes/extentreports/2.41.2/extentreports-2.41.2.jar!/com/relevantcodes/extentreports/view/Extent.ftl"
DEBUG main freemarker.cache - Couldn't find template in cache for "Extent.ftl"("en_US", UTF-8, parsed); will try to load it.
DEBUG main freemarker.cache - TemplateLoader.findTemplateSource("Extent_en_US.ftl"): Not found
DEBUG main freemarker.cache - TemplateLoader.findTemplateSource("Extent_en.ftl"): Not found
DEBUG main freemarker.cache - TemplateLoader.findTemplateSource("Extent.ftl"): Found
DEBUG main freemarker.cache - Loading template for "Extent.ftl"("en_US", UTF-8, parsed) from "jar:file:/C:/Users/prashant.chandra/.m2/repository/com/relevantcodes/extentreports/2.41.2/extentreports-2.41.2.jar!/com/relevantcodes/extentreports/view/Extent.ftl"
DEBUG main freemarker.cache - Couldn't find template in cache for "Extent.ftl"("en_US", UTF-8, parsed); will try to load it.
DEBUG main freemarker.cache - TemplateLoader.findTemplateSource("Extent_en_US.ftl"): Not found
DEBUG main freemarker.cache - TemplateLoader.findTemplateSource("Extent_en.ftl"): Not found
DEBUG main freemarker.cache - TemplateLoader.findTemplateSource("Extent.ftl"): Found
DEBUG main freemarker.cache - Loading template for "Extent.ftl"("en_US", UTF-8, parsed) from "jar:file:/C:/Users/prashant.chandra/.m2/repository/com/relevantcodes/extentreports/2.41.2/extentreports-2.41.2.jar!/com/relevantcodes/extentreports/view/Extent.ftl"
DEBUG main freemarker.cache - Couldn't find template in cache for "Extent.ftl"("en_US", UTF-8, parsed); will try to load it.
DEBUG main freemarker.cache - TemplateLoader.findTemplateSource("Extent_en_US.ftl"): Not found
DEBUG main freemarker.cache - TemplateLoader.findTemplateSource("Extent_en.ftl"): Not found
DEBUG main freemarker.cache - TemplateLoader.findTemplateSource("Extent.ftl"): Found
DEBUG main freemarker.cache - Loading template for "Extent.ftl"("en_US", UTF-8, parsed) from "jar:file:/C:/Users/prashant.chandra/.m2/repository/com/relevantcodes/extentreports/2.41.2/extentreports-2.41.2.jar!/com/relevantcodes/extentreports/view/Extent.ftl"
DEBUG main freemarker.cache - Couldn't find template in cache for "Extent.ftl"("en_US", UTF-8, parsed); will try to load it.
DEBUG main freemarker.cache - TemplateLoader.findTemplateSource("Extent_en_US.ftl"): Not found
DEBUG main freemarker.cache - TemplateLoader.findTemplateSource("Extent_en.ftl"): Not found
DEBUG main freemarker.cache - TemplateLoader.findTemplateSource("Extent.ftl"): Found
DEBUG main freemarker.cache - Loading template for "Extent.ftl"("en_US", UTF-8, parsed) from "jar:file:/C:/Users/prashant.chandra/.m2/repository/com/relevantcodes/extentreports/2.41.2/extentreports-2.41.2.jar!/com/relevantcodes/extentreports/view/Extent.ftl"
DEBUG main freemarker.cache - Couldn't find template in cache for "Extent.ftl"("en_US", UTF-8, parsed); will try to load it.
DEBUG main freemarker.cache - TemplateLoader.findTemplateSource("Extent_en_US.ftl"): Not found
DEBUG main freemarker.cache - TemplateLoader.findTemplateSource("Extent_en.ftl"): Not found
DEBUG main freemarker.cache - TemplateLoader.findTemplateSource("Extent.ftl"): Found
DEBUG main freemarker.cache - Loading template for "Extent.ftl"("en_US", UTF-8, parsed) from "jar:file:/C:/Users/prashant.chandra/.m2/repository/com/relevantcodes/extentreports/2.41.2/extentreports-2.41.2.jar!/com/relevantcodes/extentreports/view/Extent.ftl"
DEBUG main freemarker.cache - Couldn't find template in cache for "Extent.ftl"("en_US", UTF-8, parsed); will try to load it.
DEBUG main freemarker.cache - TemplateLoader.findTemplateSource("Extent_en_US.ftl"): Not found
DEBUG main freemarker.cache - TemplateLoader.findTemplateSource("Extent_en.ftl"): Not found
DEBUG main freemarker.cache - TemplateLoader.findTemplateSource("Extent.ftl"): Found
DEBUG main freemarker.cache - Loading template for "Extent.ftl"("en_US", UTF-8, parsed) from "jar:file:/C:/Users/prashant.chandra/.m2/repository/com/relevantcodes/extentreports/2.41.2/extentreports-2.41.2.jar!/com/relevantcodes/extentreports/view/Extent.ftl"
DEBUG main freemarker.cache - Couldn't find template in cache for "Extent.ftl"("en_US", UTF-8, parsed); will try to load it.
DEBUG main freemarker.cache - TemplateLoader.findTemplateSource("Extent_en_US.ftl"): Not found
DEBUG main freemarker.cache - TemplateLoader.findTemplateSource("Extent_en.ftl"): Not found
DEBUG main freemarker.cache - TemplateLoader.findTemplateSource("Extent.ftl"): Found
DEBUG main freemarker.cache - Loading template for "Extent.ftl"("en_US", UTF-8, parsed) from "jar:file:/C:/Users/prashant.chandra/.m2/repository/com/relevantcodes/extentreports/2.41.2/extentreports-2.41.2.jar!/com/relevantcodes/extentreports/view/Extent.ftl"
DEBUG main freemarker.cache - Couldn't find template in cache for "Extent.ftl"("en_US", UTF-8, parsed); will try to load it.
DEBUG main freemarker.cache - TemplateLoader.findTemplateSource("Extent_en_US.ftl"): Not found
DEBUG main freemarker.cache - TemplateLoader.findTemplateSource("Extent_en.ftl"): Not found
DEBUG main freemarker.cache - TemplateLoader.findTemplateSource("Extent.ftl"): Found
DEBUG main freemarker.cache - Loading template for "Extent.ftl"("en_US", UTF-8, parsed) from "jar:file:/C:/Users/prashant.chandra/.m2/repository/com/relevantcodes/extentreports/2.41.2/extentreports-2.41.2.jar!/com/relevantcodes/extentreports/view/Extent.ftl"
DEBUG main freemarker.cache - Couldn't find template in cache for "Extent.ftl"("en_US", UTF-8, parsed); will try to load it.
DEBUG main freemarker.cache - TemplateLoader.findTemplateSource("Extent_en_US.ftl"): Not found
DEBUG main freemarker.cache - TemplateLoader.findTemplateSource("Extent_en.ftl"): Not found
DEBUG main freemarker.cache - TemplateLoader.findTemplateSource("Extent.ftl"): Found
DEBUG main freemarker.cache - Loading template for "Extent.ftl"("en_US", UTF-8, parsed) from "jar:file:/C:/Users/prashant.chandra/.m2/repository/com/relevantcodes/extentreports/2.41.2/extentreports-2.41.2.jar!/com/relevantcodes/extentreports/view/Extent.ftl"
DEBUG main freemarker.cache - Couldn't find template in cache for "Extent.ftl"("en_IN", UTF-8, parsed); will try to load it.
DEBUG main freemarker.cache - TemplateLoader.findTemplateSource("Extent_en_IN.ftl"): Not found
DEBUG main freemarker.cache - TemplateLoader.findTemplateSource("Extent_en.ftl"): Not found
DEBUG main freemarker.cache - TemplateLoader.findTemplateSource("Extent.ftl"): Found
DEBUG main freemarker.cache - Loading template for "Extent.ftl"("en_IN", UTF-8, parsed) from "jar:file:/Users/prashantchandra/.m2/repository/com/relevantcodes/extentreports/2.41.2/extentreports-2.41.2.jar!/com/relevantcodes/extentreports/view/Extent.ftl"
DEBUG main freemarker.cache - Couldn't find template in cache for "Extent.ftl"("en_IN", UTF-8, parsed); will try to load it.
DEBUG main freemarker.cache - TemplateLoader.findTemplateSource("Extent_en_IN.ftl"): Not found
DEBUG main freemarker.cache - TemplateLoader.findTemplateSource("Extent_en.ftl"): Not found
DEBUG main freemarker.cache - TemplateLoader.findTemplateSource("Extent.ftl"): Found
DEBUG main freemarker.cache - Loading template for "Extent.ftl"("en_IN", UTF-8, parsed) from "jar:file:/Users/prashantchandra/.m2/repository/com/relevantcodes/extentreports/2.41.2/extentreports-2.41.2.jar!/com/relevantcodes/extentreports/view/Extent.ftl"
